00:00 +0: loading C:/Users/scott/UglyDog-Software/spotted/test/repositories/repository_test.dart
00:00 +0: repository (setUpAll)
00:00 +0: repository signUp
00:00 +0 -1: repository signUp [E]
  type 'Null' is not a subtype of type 'Stream<User?>'
  test\repositories\repository_test.dart 22:7       MockFirebaseAuth.authStateChanges
  package:spot/repositories/repository.dart 144:19  Repository._setAuthListenner
  package:spot/repositories/repository.dart 47:5    new Repository
  test\repositories\repository_test.dart 68:12      main._createRepository
  test\repositories\repository_test.dart 117:26     main.<fn>.<fn>
  
00:00 +0 -1: repository signIn
00:00 +0 -2: repository signIn [E]
  type 'Null' is not a subtype of type 'Stream<User?>'
  test\repositories\repository_test.dart 22:7       MockFirebaseAuth.authStateChanges
  package:spot/repositories/repository.dart 144:19  Repository._setAuthListenner
  package:spot/repositories/repository.dart 47:5    new Repository
  test\repositories\repository_test.dart 68:12      main._createRepository
  test\repositories\repository_test.dart 132:26     main.<fn>.<fn>
  
00:00 +0 -2: repository getMyProfile
00:00 +0 -3: repository getMyProfile [E]
  type 'Null' is not a subtype of type 'Stream<User?>'
  test\repositories\repository_test.dart 22:7       MockFirebaseAuth.authStateChanges
  package:spot/repositories/repository.dart 144:19  Repository._setAuthListenner
  package:spot/repositories/repository.dart 47:5    new Repository
  test\repositories\repository_test.dart 68:12      main._createRepository
  test\repositories\repository_test.dart 146:26     main.<fn>.<fn>
  
00:00 +0 -3: repository getVideosFromLocation
00:00 +0 -4: repository getVideosFromLocation [E]
  type 'Null' is not a subtype of type 'Stream<User?>'
  test\repositories\repository_test.dart 22:7       MockFirebaseAuth.authStateChanges
  package:spot/repositories/repository.dart 144:19  Repository._setAuthListenner
  package:spot/repositories/repository.dart 47:5    new Repository
  test\repositories\repository_test.dart 68:12      main._createRepository
  test\repositories\repository_test.dart 170:26     main.<fn>.<fn>
  
00:00 +0 -4: repository getVideosInBoundingBox
00:00 +0 -5: repository getVideosInBoundingBox [E]
  type 'Null' is not a subtype of type 'Stream<User?>'
  test\repositories\repository_test.dart 22:7       MockFirebaseAuth.authStateChanges
  package:spot/repositories/repository.dart 144:19  Repository._setAuthListenner
  package:spot/repositories/repository.dart 47:5    new Repository
  test\repositories\repository_test.dart 68:12      main._createRepository
  test\repositories\repository_test.dart 190:26     main.<fn>.<fn>
  
00:00 +0 -5: repository getVideosFromUid
00:00 +0 -6: repository getVideosFromUid [E]
  type 'Null' is not a subtype of type 'Stream<User?>'
  test\repositories\repository_test.dart 22:7       MockFirebaseAuth.authStateChanges
  package:spot/repositories/repository.dart 144:19  Repository._setAuthListenner
  package:spot/repositories/repository.dart 47:5    new Repository
  test\repositories\repository_test.dart 68:12      main._createRepository
  test\repositories\repository_test.dart 208:26     main.<fn>.<fn>
  
00:00 +0 -6: repository getProfile
00:00 +0 -7: repository getProfile [E]
  type 'Null' is not a subtype of type 'Stream<User?>'
  test\repositories\repository_test.dart 22:7       MockFirebaseAuth.authStateChanges
  package:spot/repositories/repository.dart 144:19  Repository._setAuthListenner
  package:spot/repositories/repository.dart 47:5    new Repository
  test\repositories\repository_test.dart 68:12      main._createRepository
  test\repositories\repository_test.dart 246:26     main.<fn>.<fn>
  
00:00 +0 -7: repository saveProfile
00:00 +0 -8: repository saveProfile [E]
  type 'Null' is not a subtype of type 'Stream<User?>'
  test\repositories\repository_test.dart 22:7       MockFirebaseAuth.authStateChanges
  package:spot/repositories/repository.dart 144:19  Repository._setAuthListenner
  package:spot/repositories/repository.dart 47:5    new Repository
  test\repositories\repository_test.dart 68:12      main._createRepository
  test\repositories\repository_test.dart 272:26     main.<fn>.<fn>
  
00:00 +0 -8: repository Mentions getMentionedProfiles on a comment with email address
00:00 +0 -9: repository Mentions getMentionedProfiles on a comment with email address [E]
  type 'Null' is not a subtype of type 'Stream<User?>'
  test\repositories\repository_test.dart 22:7       MockFirebaseAuth.authStateChanges
  package:spot/repositories/repository.dart 144:19  Repository._setAuthListenner
  package:spot/repositories/repository.dart 47:5    new Repository
  test\repositories\repository_test.dart 68:12      main._createRepository
  test\repositories\repository_test.dart 302:28     main.<fn>.<fn>.<fn>
  
00:00 +0 -9: repository Mentions getMentionedProfiles on a comment with no mentions
00:00 +0 -10: repository Mentions getMentionedProfiles on a comment with no mentions [E]
  type 'Null' is not a subtype of type 'Stream<User?>'
  test\repositories\repository_test.dart 22:7       MockFirebaseAuth.authStateChanges
  package:spot/repositories/repository.dart 144:19  Repository._setAuthListenner
  package:spot/repositories/repository.dart 47:5    new Repository
  test\repositories\repository_test.dart 68:12      main._createRepository
  test\repositories\repository_test.dart 314:28     main.<fn>.<fn>.<fn>
  
00:00 +0 -10: repository Mentions getMentionedProfiles at the beginning of sentence
00:00 +0 -11: repository Mentions getMentionedProfiles at the beginning of sentence [E]
  type 'Null' is not a subtype of type 'Stream<User?>'
  test\repositories\repository_test.dart 22:7       MockFirebaseAuth.authStateChanges
  package:spot/repositories/repository.dart 144:19  Repository._setAuthListenner
  package:spot/repositories/repository.dart 47:5    new Repository
  test\repositories\repository_test.dart 68:12      main._createRepository
  test\repositories\repository_test.dart 326:28     main.<fn>.<fn>.<fn>
  
00:00 +0 -11: repository Mentions getMentionedProfiles in a sentence
00:00 +0 -12: repository Mentions getMentionedProfiles in a sentence [E]
  type 'Null' is not a subtype of type 'Stream<User?>'
  test\repositories\repository_test.dart 22:7       MockFirebaseAuth.authStateChanges
  package:spot/repositories/repository.dart 144:19  Repository._setAuthListenner
  package:spot/repositories/repository.dart 47:5    new Repository
  test\repositories\repository_test.dart 68:12      main._createRepository
  test\repositories\repository_test.dart 339:28     main.<fn>.<fn>.<fn>
  
00:00 +0 -12: repository Mentions getMentionedProfiles with one matching username
00:00 +0 -13: repository Mentions getMentionedProfiles with one matching username [E]
  type 'Null' is not a subtype of type 'Stream<User?>'
  test\repositories\repository_test.dart 22:7       MockFirebaseAuth.authStateChanges
  package:spot/repositories/repository.dart 144:19  Repository._setAuthListenner
  package:spot/repositories/repository.dart 47:5    new Repository
  test\repositories\repository_test.dart 68:12      main._createRepository
  test\repositories\repository_test.dart 352:28     main.<fn>.<fn>.<fn>
  
00:00 +0 -13: repository Mentions getMentionedProfiles with two matching username
00:00 +0 -14: repository Mentions getMentionedProfiles with two matching username [E]
  type 'Null' is not a subtype of type 'Stream<User?>'
  test\repositories\repository_test.dart 22:7       MockFirebaseAuth.authStateChanges
  package:spot/repositories/repository.dart 144:19  Repository._setAuthListenner
  package:spot/repositories/repository.dart 47:5    new Repository
  test\repositories\repository_test.dart 68:12      main._createRepository
  test\repositories\repository_test.dart 366:28     main.<fn>.<fn>.<fn>
  
00:00 +0 -14: repository Mentions getMentionedProfiles with space in the username would not work
00:00 +0 -15: repository Mentions getMentionedProfiles with space in the username would not work [E]
  type 'Null' is not a subtype of type 'Stream<User?>'
  test\repositories\repository_test.dart 22:7       MockFirebaseAuth.authStateChanges
  package:spot/repositories/repository.dart 144:19  Repository._setAuthListenner
  package:spot/repositories/repository.dart 47:5    new Repository
  test\repositories\repository_test.dart 68:12      main._createRepository
  test\repositories\repository_test.dart 383:28     main.<fn>.<fn>.<fn>
  
00:00 +0 -15: repository Mentions getMentionedProfiles returns profiles from comments profiles
00:00 +0 -16: repository Mentions getMentionedProfiles returns profiles from comments profiles [E]
  type 'Null' is not a subtype of type 'Stream<User?>'
  test\repositories\repository_test.dart 22:7       MockFirebaseAuth.authStateChanges
  package:spot/repositories/repository.dart 144:19  Repository._setAuthListenner
  package:spot/repositories/repository.dart 47:5    new Repository
  test\repositories\repository_test.dart 68:12      main._createRepository
  test\repositories\repository_test.dart 397:28     main.<fn>.<fn>.<fn>
  
00:00 +0 -16: repository (tearDownAll)
00:00 +0 -16: replaceMentionsInAComment without mention
00:00 +1 -16: replaceMentionsInAComment user mentioned at the beginning
00:00 +2 -16: replaceMentionsInAComment user mentioned multiple times
00:00 +3 -16: replaceMentionsInAComment multiple user mentions
00:00 +4 -16: replaceMentionsInAComment there can be multiple mentions
00:00 +5 -16: replaceMentionsInAComment mention can be in a sentence
00:00 +6 -16: replaceMentionsInAComment multiple user mentions
00:00 +7 -16: getMentionedUserName username is the only thing within the comment
00:00 +8 -16: getMentionedUserName username is at the end of comment
00:00 +9 -16: getMentionedUserName There are no @ sign in the comment
00:00 +10 -16: getMentionedUserName @mention is not the last word in the comment
00:00 +11 -16: getMentionedUserName There are multiple @ sign in the comment
00:00 +12 -16: getMentionedUserName getUserIdsInComment with 0 user id
00:00 +13 -16: getMentionedUserName getUserIdsInComment with 1 user id at the beginning
00:00 +14 -16: getMentionedUserName getUserIdsInComment with 1 user id
00:00 +15 -16: getMentionedUserName getUserIdsInComment with 2 user id
00:00 +16 -16: getMentionedUserName getUserIdsInComment with 2 user id with the same id
00:00 +17 -16: replaceMentionsWithUserNames replaceMentionsWithUserNames with two profiles
00:00 +17 -17: replaceMentionsWithUserNames replaceMentionsWithUserNames with two profiles [E]
  type 'Null' is not a subtype of type 'Stream<User?>'
  test\repositories\repository_test.dart 22:7       MockFirebaseAuth.authStateChanges
  package:spot/repositories/repository.dart 144:19  Repository._setAuthListenner
  package:spot/repositories/repository.dart 47:5    new Repository
  test\repositories\repository_test.dart 68:12      main._createRepository
  test\repositories\repository_test.dart 556:26     main.<fn>.<fn>
  
00:00 +17 -17: replaceMentionsWithUserNames replaceMentionsWithUserNames with two userIds of the same user
00:00 +17 -18: replaceMentionsWithUserNames replaceMentionsWithUserNames with two userIds of the same user [E]
  type 'Null' is not a subtype of type 'Stream<User?>'
  test\repositories\repository_test.dart 22:7       MockFirebaseAuth.authStateChanges
  package:spot/repositories/repository.dart 144:19  Repository._setAuthListenner
  package:spot/repositories/repository.dart 47:5    new Repository
  test\repositories\repository_test.dart 68:12      main._createRepository
  test\repositories\repository_test.dart 592:26     main.<fn>.<fn>
  
00:00 +17 -18: replaceMentionsWithUserNames getZIndex
00:00 +17 -19: replaceMentionsWithUserNames getZIndex [E]
  type 'Null' is not a subtype of type 'Stream<User?>'
  test\repositories\repository_test.dart 22:7       MockFirebaseAuth.authStateChanges
  package:spot/repositories/repository.dart 144:19  Repository._setAuthListenner
  package:spot/repositories/repository.dart 47:5    new Repository
  test\repositories\repository_test.dart 68:12      main._createRepository
  test\repositories\repository_test.dart 613:26     main.<fn>.<fn>
  
00:00 +17 -19: replaceMentionsWithUserNames getZIndex close 
00:00 +17 -20: replaceMentionsWithUserNames getZIndex close  [E]
  type 'Null' is not a subtype of type 'Stream<User?>'
  test\repositories\repository_test.dart 22:7       MockFirebaseAuth.authStateChanges
  package:spot/repositories/repository.dart 144:19  Repository._setAuthListenner
  package:spot/repositories/repository.dart 47:5    new Repository
  test\repositories\repository_test.dart 68:12      main._createRepository
  test\repositories\repository_test.dart 623:26     main.<fn>.<fn>
  
00:00 +17 -20: Some tests failed.
